2025-09-20 13:57:19,988 [INFO] File monitoring service started. Watching for new files.
2025-09-20 13:58:19,997 [INFO] Received file: aggregate_readings.csv, Size: 1044480 bytes, Entries: 11880
2025-09-20 13:58:34,998 [INFO] Received file: max_reading.csv, Size: 67 bytes, Entries: 1
2025-09-20 14:00:10,906 [INFO] File monitoring service started. Watching for new files.
2025-09-20 14:00:10,909 [INFO] File monitoring service started. Watching for new files.
2025-09-20 14:05:26,212 [INFO] File monitoring service started. Watching for new files.
2025-10-13 16:48:36,776 [INFO] File monitoring service started. Watching for new files.
2025-10-13 16:48:36,776 [INFO] File monitoring service started. Watching for new files.
2025-10-13 20:50:55,962 [INFO] Received file: max_reading_18:37:08_to_20:49:06.csv, Size: 21870 bytes, Entries: 800
2025-10-13 20:50:55,962 [INFO] Received file: max_reading_18:37:08_to_20:49:06.csv, Size: 21870 bytes, Entries: 800
2025-10-14 00:54:27,157 [INFO] Received file: max_reading_22:40:37_to_00:52:39.csv, Size: 21832 bytes, Entries: 800
2025-10-14 00:54:27,157 [INFO] Received file: max_reading_22:40:37_to_00:52:39.csv, Size: 21832 bytes, Entries: 800
2025-10-14 02:56:12,769 [INFO] Received file: max_reading_00:42:20_to_02:54:23.csv, Size: 21833 bytes, Entries: 800
2025-10-14 02:56:12,769 [INFO] Received file: max_reading_00:42:20_to_02:54:23.csv, Size: 21833 bytes, Entries: 800
2025-10-14 04:57:58,386 [INFO] Received file: max_reading_02:44:05_to_04:56:07.csv, Size: 21912 bytes, Entries: 800
2025-10-14 04:57:58,386 [INFO] Received file: max_reading_02:44:05_to_04:56:07.csv, Size: 21912 bytes, Entries: 800
2025-10-14 06:59:39,001 [INFO] Received file: max_reading_04:45:50_to_06:57:53.csv, Size: 21879 bytes, Entries: 800
2025-10-14 06:59:39,001 [INFO] Received file: max_reading_04:45:50_to_06:57:53.csv, Size: 21879 bytes, Entries: 800
2025-10-14 09:01:29,627 [INFO] Received file: max_reading_06:47:33_to_08:59:35.csv, Size: 21819 bytes, Entries: 800
2025-10-14 09:01:29,627 [INFO] Received file: max_reading_06:47:33_to_08:59:35.csv, Size: 21819 bytes, Entries: 800
2025-10-14 11:03:05,216 [INFO] Received file: max_reading_08:49:14_to_11:01:23.csv, Size: 21870 bytes, Entries: 800
2025-10-14 11:03:05,216 [INFO] Received file: max_reading_08:49:14_to_11:01:23.csv, Size: 21870 bytes, Entries: 800
2025-10-14 13:04:50,813 [INFO] Received file: max_reading_10:51:04_to_13:02:58.csv, Size: 21854 bytes, Entries: 800
2025-10-14 13:04:50,813 [INFO] Received file: max_reading_10:51:04_to_13:02:58.csv, Size: 21854 bytes, Entries: 800
2025-10-14 15:06:36,417 [INFO] Received file: max_reading_12:52:40_to_15:04:43.csv, Size: 21901 bytes, Entries: 800
2025-10-14 15:06:36,417 [INFO] Received file: max_reading_12:52:40_to_15:04:43.csv, Size: 21901 bytes, Entries: 800
2025-10-14 17:08:27,036 [INFO] Received file: max_reading_14:54:21_to_17:06:30.csv, Size: 0 bytes, Entries: -1
2025-10-14 17:08:27,036 [INFO] Received file: max_reading_14:54:21_to_17:06:30.csv, Size: 0 bytes, Entries: -1
2025-10-14 19:10:12,678 [INFO] Received file: max_reading_16:56:10_to_19:08:15.csv, Size: 0 bytes, Entries: -1
2025-10-14 19:10:12,678 [INFO] Received file: max_reading_16:56:10_to_19:08:15.csv, Size: 0 bytes, Entries: -1
2025-10-14 21:11:53,312 [INFO] Received file: max_reading_18:57:54_to_21:10:01.csv, Size: 0 bytes, Entries: -1
2025-10-14 21:11:53,312 [INFO] Received file: max_reading_18:57:54_to_21:10:01.csv, Size: 0 bytes, Entries: -1
2025-10-14 23:13:29,000 [INFO] Received file: max_reading_20:59:39_to_23:11:43.csv, Size: 0 bytes, Entries: -1
2025-10-14 23:13:29,000 [INFO] Received file: max_reading_20:59:39_to_23:11:43.csv, Size: 0 bytes, Entries: -1
2025-10-15 01:15:14,657 [INFO] Received file: max_reading_23:01:22_to_01:13:19.csv, Size: 0 bytes, Entries: -1
2025-10-15 01:15:14,657 [INFO] Received file: max_reading_23:01:22_to_01:13:19.csv, Size: 0 bytes, Entries: -1
2025-10-15 03:17:00,298 [INFO] Received file: max_reading_01:03:01_to_03:15:04.csv, Size: 21864 bytes, Entries: 800
2025-10-15 03:17:00,298 [INFO] Received file: max_reading_01:03:01_to_03:15:04.csv, Size: 21864 bytes, Entries: 800
2025-10-15 05:18:45,966 [INFO] Received file: max_reading_03:04:41_to_05:16:50.csv, Size: 21913 bytes, Entries: 800
2025-10-15 05:18:45,966 [INFO] Received file: max_reading_03:04:41_to_05:16:50.csv, Size: 21913 bytes, Entries: 800
2025-10-15 07:20:31,630 [INFO] Received file: max_reading_05:06:32_to_07:18:36.csv, Size: 0 bytes, Entries: -1
2025-10-15 07:20:31,631 [INFO] Received file: max_reading_05:06:32_to_07:18:36.csv, Size: 0 bytes, Entries: -1
2025-10-15 09:22:17,288 [INFO] Received file: max_reading_07:08:18_to_09:20:21.csv, Size: 0 bytes, Entries: -1
2025-10-15 09:22:17,288 [INFO] Received file: max_reading_07:08:18_to_09:20:21.csv, Size: 0 bytes, Entries: -1
2025-10-15 19:31:04,935 [INFO] Received file: max_reading_17:17:07_to_19:29:11.csv, Size: 0 bytes, Entries: -1
2025-10-15 19:31:04,935 [INFO] Received file: max_reading_17:17:07_to_19:29:11.csv, Size: 0 bytes, Entries: -1
2025-10-15 21:32:50,605 [INFO] Received file: max_reading_19:18:50_to_21:30:57.csv, Size: 0 bytes, Entries: -1
2025-10-15 21:32:50,605 [INFO] Received file: max_reading_19:18:50_to_21:30:57.csv, Size: 0 bytes, Entries: -1
2025-10-15 23:34:31,257 [INFO] Received file: max_reading_21:20:35_to_23:32:44.csv, Size: 0 bytes, Entries: -1
2025-10-15 23:34:31,257 [INFO] Received file: max_reading_21:20:35_to_23:32:44.csv, Size: 0 bytes, Entries: -1
2025-10-16 03:38:02,565 [INFO] Received file: max_reading_01:24:08_to_03:36:12.csv, Size: 21833 bytes, Entries: 800
2025-10-16 03:38:02,565 [INFO] Received file: max_reading_01:24:08_to_03:36:12.csv, Size: 21833 bytes, Entries: 800
2025-10-16 05:39:48,236 [INFO] Received file: max_reading_03:25:50_to_05:37:54.csv, Size: 21904 bytes, Entries: 800
2025-10-16 05:39:48,236 [INFO] Received file: max_reading_03:25:50_to_05:37:54.csv, Size: 21904 bytes, Entries: 800
2025-10-16 07:41:28,894 [INFO] Received file: max_reading_05:27:32_to_07:39:40.csv, Size: 0 bytes, Entries: -1
2025-10-16 07:41:28,900 [INFO] Received file: max_reading_05:27:32_to_07:39:40.csv, Size: 0 bytes, Entries: -1
2025-10-16 09:43:14,554 [INFO] Received file: max_reading_07:29:22_to_09:41:25.csv, Size: 0 bytes, Entries: -1
2025-10-16 09:43:14,554 [INFO] Received file: max_reading_07:29:22_to_09:41:25.csv, Size: 0 bytes, Entries: -1
2025-10-16 17:50:22,193 [INFO] Received file: max_reading_15:36:22_to_17:48:26.csv, Size: 0 bytes, Entries: -1
2025-10-16 17:50:22,246 [INFO] Received file: max_reading_15:36:22_to_17:48:26.csv, Size: 0 bytes, Entries: -1
2025-10-16 19:52:07,864 [INFO] Received file: max_reading_17:38:08_to_19:50:12.csv, Size: 0 bytes, Entries: -1
2025-10-16 19:52:07,902 [INFO] Received file: max_reading_17:38:08_to_19:50:12.csv, Size: 0 bytes, Entries: -1
2025-10-16 21:53:53,536 [INFO] Received file: max_reading_19:39:52_to_21:51:58.csv, Size: 0 bytes, Entries: -1
2025-10-16 21:53:53,556 [INFO] Received file: max_reading_19:39:52_to_21:51:58.csv, Size: 0 bytes, Entries: -1
2025-10-16 23:55:39,229 [INFO] Received file: max_reading_21:41:39_to_23:53:44.csv, Size: 0 bytes, Entries: -1
2025-10-16 23:55:39,231 [INFO] Received file: max_reading_21:41:39_to_23:53:44.csv, Size: 0 bytes, Entries: -1
2025-10-17 01:57:24,898 [INFO] Received file: max_reading_23:43:23_to_01:55:28.csv, Size: 21793 bytes, Entries: 800
2025-10-17 01:57:24,898 [INFO] Received file: max_reading_23:43:23_to_01:55:28.csv, Size: 21793 bytes, Entries: 800
2025-10-17 03:59:10,568 [INFO] Received file: max_reading_01:45:09_to_03:57:14.csv, Size: 0 bytes, Entries: -1
2025-10-17 03:59:10,568 [INFO] Received file: max_reading_01:45:09_to_03:57:14.csv, Size: 0 bytes, Entries: -1
2025-10-17 08:02:36,921 [INFO] Received file: max_reading_05:48:41_to_08:00:42.csv, Size: 21851 bytes, Entries: 800
2025-10-17 08:02:36,921 [INFO] Received file: max_reading_05:48:41_to_08:00:42.csv, Size: 21851 bytes, Entries: 800
2025-10-17 12:06:08,267 [INFO] Received file: max_reading_09:52:10_to_12:04:13.csv, Size: 0 bytes, Entries: -1
2025-10-17 12:06:08,267 [INFO] Received file: max_reading_09:52:10_to_12:04:13.csv, Size: 0 bytes, Entries: -1
2025-10-17 14:07:53,974 [INFO] Received file: max_reading_11:53:54_to_14:05:57.csv, Size: 21788 bytes, Entries: 800
2025-10-17 14:07:53,974 [INFO] Received file: max_reading_11:53:54_to_14:05:57.csv, Size: 21788 bytes, Entries: 800
2025-10-17 16:09:39,668 [INFO] Received file: max_reading_13:55:39_to_16:07:43.csv, Size: 0 bytes, Entries: -1
2025-10-17 16:09:39,668 [INFO] Received file: max_reading_13:55:39_to_16:07:43.csv, Size: 0 bytes, Entries: -1
2025-10-17 20:13:11,026 [INFO] Received file: max_reading_17:59:06_to_20:11:12.csv, Size: 0 bytes, Entries: -1
2025-10-17 20:13:11,026 [INFO] Received file: max_reading_17:59:06_to_20:11:12.csv, Size: 0 bytes, Entries: -1
2025-10-17 22:14:56,719 [INFO] Received file: max_reading_20:00:51_to_22:12:59.csv, Size: 0 bytes, Entries: -1
2025-10-17 22:14:56,719 [INFO] Received file: max_reading_20:00:51_to_22:12:59.csv, Size: 0 bytes, Entries: -1
2025-10-18 00:16:37,389 [INFO] Received file: max_reading_22:02:40_to_00:14:43.csv, Size: 0 bytes, Entries: -1
2025-10-18 00:16:37,389 [INFO] Received file: max_reading_22:02:40_to_00:14:43.csv, Size: 0 bytes, Entries: -1
2025-10-18 02:18:23,120 [INFO] Received file: max_reading_00:04:24_to_02:16:29.csv, Size: 0 bytes, Entries: -1
2025-10-18 02:18:23,120 [INFO] Received file: max_reading_00:04:24_to_02:16:29.csv, Size: 0 bytes, Entries: -1
2025-10-18 04:20:08,806 [INFO] Received file: max_reading_02:06:07_to_04:18:15.csv, Size: 21849 bytes, Entries: 800
2025-10-18 04:20:08,807 [INFO] Received file: max_reading_02:06:07_to_04:18:15.csv, Size: 21849 bytes, Entries: 800
2025-10-18 08:23:30,191 [INFO] Received file: max_reading_06:09:39_to_08:21:41.csv, Size: 0 bytes, Entries: -1
2025-10-18 08:23:30,191 [INFO] Received file: max_reading_06:09:39_to_08:21:41.csv, Size: 0 bytes, Entries: -1
2025-10-18 10:25:15,892 [INFO] Received file: max_reading_08:11:22_to_10:23:19.csv, Size: 0 bytes, Entries: -1
2025-10-18 10:25:15,892 [INFO] Received file: max_reading_08:11:22_to_10:23:19.csv, Size: 0 bytes, Entries: -1
2025-10-18 12:27:01,630 [INFO] Received file: max_reading_10:12:59_to_12:25:07.csv, Size: 0 bytes, Entries: -1
2025-10-18 12:27:01,630 [INFO] Received file: max_reading_10:12:59_to_12:25:07.csv, Size: 0 bytes, Entries: -1
2025-10-18 14:28:47,387 [INFO] Received file: max_reading_12:14:43_to_14:26:52.csv, Size: 0 bytes, Entries: -1
2025-10-18 14:28:47,387 [INFO] Received file: max_reading_12:14:43_to_14:26:52.csv, Size: 0 bytes, Entries: -1
2025-10-18 16:30:28,127 [INFO] Received file: max_reading_14:16:33_to_16:28:34.csv, Size: 0 bytes, Entries: -1
2025-10-18 16:30:28,127 [INFO] Received file: max_reading_14:16:33_to_16:28:34.csv, Size: 0 bytes, Entries: -1
2025-10-18 18:32:18,849 [INFO] Received file: max_reading_16:18:12_to_18:30:19.csv, Size: 21899 bytes, Entries: 800
2025-10-18 18:32:18,849 [INFO] Received file: max_reading_16:18:12_to_18:30:19.csv, Size: 21899 bytes, Entries: 800
2025-10-18 20:34:04,575 [INFO] Received file: max_reading_18:20:00_to_20:32:07.csv, Size: 0 bytes, Entries: -1
2025-10-18 20:34:04,582 [INFO] Received file: max_reading_18:20:00_to_20:32:07.csv, Size: 0 bytes, Entries: -1
2025-10-18 22:35:50,301 [INFO] Received file: max_reading_20:21:48_to_22:33:52.csv, Size: 0 bytes, Entries: -1
2025-10-18 22:35:50,313 [INFO] Received file: max_reading_20:21:48_to_22:33:52.csv, Size: 0 bytes, Entries: -1
2025-10-19 02:39:21,733 [INFO] Received file: max_reading_00:25:17_to_02:37:26.csv, Size: 0 bytes, Entries: -1
2025-10-19 02:39:21,770 [INFO] Received file: max_reading_00:25:17_to_02:37:26.csv, Size: 0 bytes, Entries: -1
2025-10-19 04:41:07,467 [INFO] Received file: max_reading_02:27:05_to_04:39:12.csv, Size: 0 bytes, Entries: -1
2025-10-19 04:41:07,518 [INFO] Received file: max_reading_02:27:05_to_04:39:12.csv, Size: 0 bytes, Entries: -1
2025-10-19 06:42:53,225 [INFO] Received file: max_reading_04:28:52_to_06:40:56.csv, Size: 21876 bytes, Entries: 800
2025-10-19 06:42:53,271 [INFO] Received file: max_reading_04:28:52_to_06:40:56.csv, Size: 21876 bytes, Entries: 800
2025-10-19 08:44:38,955 [INFO] Received file: max_reading_06:30:36_to_08:42:44.csv, Size: 0 bytes, Entries: -1
2025-10-19 08:44:39,038 [INFO] Received file: max_reading_06:30:36_to_08:42:44.csv, Size: 0 bytes, Entries: -1
2025-10-19 10:46:24,686 [INFO] Received file: max_reading_08:32:20_to_10:44:30.csv, Size: 0 bytes, Entries: -1
2025-10-19 10:46:24,798 [INFO] Received file: max_reading_08:32:20_to_10:44:30.csv, Size: 0 bytes, Entries: -1
2025-10-19 12:48:15,408 [INFO] Received file: max_reading_10:34:09_to_12:46:15.csv, Size: 0 bytes, Entries: -1
2025-10-19 12:48:15,546 [INFO] Received file: max_reading_10:34:09_to_12:46:15.csv, Size: 0 bytes, Entries: -1
2025-10-19 16:51:46,877 [INFO] Received file: max_reading_14:37:43_to_16:49:45.csv, Size: 0 bytes, Entries: -1
2025-10-19 16:51:47,012 [INFO] Received file: max_reading_14:37:43_to_16:49:45.csv, Size: 0 bytes, Entries: -1
2025-10-19 20:55:13,326 [INFO] Received file: max_reading_18:41:08_to_20:53:15.csv, Size: 0 bytes, Entries: -1
2025-10-19 20:55:13,474 [INFO] Received file: max_reading_18:41:08_to_20:53:15.csv, Size: 0 bytes, Entries: -1
2025-10-19 22:56:54,079 [INFO] Received file: max_reading_20:42:55_to_22:55:01.csv, Size: 0 bytes, Entries: -1
2025-10-19 22:56:54,219 [INFO] Received file: max_reading_20:42:55_to_22:55:01.csv, Size: 0 bytes, Entries: -1
2025-10-20 00:58:44,792 [INFO] Received file: max_reading_22:44:42_to_00:56:47.csv, Size: 0 bytes, Entries: -1
2025-10-20 00:58:44,965 [INFO] Received file: max_reading_22:44:42_to_00:56:47.csv, Size: 0 bytes, Entries: -1
2025-10-20 03:00:20,708 [INFO] Received file: max_reading_00:46:27_to_02:58:33.csv, Size: 0 bytes, Entries: -1
2025-10-20 03:00:25,532 [INFO] Received file: max_reading_00:46:27_to_02:58:33.csv, Size: 21849 bytes, Entries: 800
2025-10-20 05:02:11,288 [INFO] Received file: max_reading_02:48:13_to_05:00:13.csv, Size: 21880 bytes, Entries: 800
2025-10-20 05:02:11,470 [INFO] Received file: max_reading_02:48:13_to_05:00:13.csv, Size: 21880 bytes, Entries: 800
2025-10-20 07:03:57,049 [INFO] Received file: max_reading_04:49:53_to_07:02:00.csv, Size: 21881 bytes, Entries: 800
2025-10-20 07:03:57,239 [INFO] Received file: max_reading_04:49:53_to_07:02:00.csv, Size: 21881 bytes, Entries: 800
2025-10-20 11:07:28,588 [INFO] Received file: max_reading_08:53:25_to_11:05:31.csv, Size: 0 bytes, Entries: -1
2025-10-20 11:07:28,760 [INFO] Received file: max_reading_08:53:25_to_11:05:31.csv, Size: 0 bytes, Entries: -1
2025-10-20 13:09:09,368 [INFO] Received file: max_reading_10:55:11_to_13:07:16.csv, Size: 0 bytes, Entries: -1
2025-10-20 13:09:09,507 [INFO] Received file: max_reading_10:55:11_to_13:07:16.csv, Size: 0 bytes, Entries: -1
2025-10-20 15:11:00,124 [INFO] Received file: max_reading_12:56:55_to_15:09:01.csv, Size: 0 bytes, Entries: -1
2025-10-20 15:11:00,249 [INFO] Received file: max_reading_12:56:55_to_15:09:01.csv, Size: 0 bytes, Entries: -1
2025-10-20 17:12:40,920 [INFO] Received file: max_reading_14:58:42_to_17:10:47.csv, Size: 21852 bytes, Entries: 800
2025-10-20 17:12:40,996 [INFO] Received file: max_reading_14:58:42_to_17:10:47.csv, Size: 21852 bytes, Entries: 800
2025-10-20 19:14:26,683 [INFO] Received file: max_reading_17:00:26_to_19:12:28.csv, Size: 0 bytes, Entries: -1
2025-10-20 19:14:26,775 [INFO] Received file: max_reading_17:00:26_to_19:12:28.csv, Size: 0 bytes, Entries: -1
2025-10-20 21:16:07,458 [INFO] Received file: max_reading_19:02:10_to_21:14:14.csv, Size: 0 bytes, Entries: -1
2025-10-20 21:16:07,531 [INFO] Received file: max_reading_19:02:10_to_21:14:14.csv, Size: 0 bytes, Entries: -1
2025-10-20 23:17:53,220 [INFO] Received file: max_reading_21:03:53_to_23:15:58.csv, Size: 0 bytes, Entries: -1
2025-10-20 23:17:53,302 [INFO] Received file: max_reading_21:03:53_to_23:15:58.csv, Size: 0 bytes, Entries: -1
2025-10-21 03:21:24,756 [INFO] Received file: max_reading_01:07:20_to_03:19:28.csv, Size: 0 bytes, Entries: -1
2025-10-21 03:21:24,829 [INFO] Received file: max_reading_01:07:20_to_03:19:28.csv, Size: 0 bytes, Entries: -1
2025-10-21 05:23:10,519 [INFO] Received file: max_reading_03:09:10_to_05:21:14.csv, Size: 0 bytes, Entries: -1
2025-10-21 05:23:10,615 [INFO] Received file: max_reading_03:09:10_to_05:21:14.csv, Size: 0 bytes, Entries: -1
2025-10-27 09:29:52,990 [INFO] Received file: max_reading_07:16:00_to_09:28:05.csv, Size: 21883 bytes, Entries: 800
2025-10-27 09:29:52,990 [INFO] Received file: max_reading_07:16:00_to_09:28:05.csv, Size: 21883 bytes, Entries: 800
2025-10-27 11:31:38,767 [INFO] Received file: max_reading_09:17:47_to_11:29:52.csv, Size: 21927 bytes, Entries: 800
2025-10-27 11:31:38,767 [INFO] Received file: max_reading_09:17:47_to_11:29:52.csv, Size: 21927 bytes, Entries: 800
2025-10-27 13:33:24,551 [INFO] Received file: max_reading_11:19:28_to_13:31:36.csv, Size: 21902 bytes, Entries: 800
2025-10-27 13:33:24,551 [INFO] Received file: max_reading_11:19:28_to_13:31:36.csv, Size: 21902 bytes, Entries: 800
2025-10-27 15:35:10,298 [INFO] Received file: max_reading_13:21:17_to_15:33:22.csv, Size: 21852 bytes, Entries: 800
2025-10-27 15:35:10,298 [INFO] Received file: max_reading_13:21:17_to_15:33:22.csv, Size: 21852 bytes, Entries: 800
2025-10-27 17:36:56,048 [INFO] Received file: max_reading_15:23:02_to_17:35:09.csv, Size: 21908 bytes, Entries: 800
2025-10-27 17:36:56,048 [INFO] Received file: max_reading_15:23:02_to_17:35:09.csv, Size: 21908 bytes, Entries: 800
2025-10-27 19:38:46,789 [INFO] Received file: max_reading_17:24:47_to_19:36:54.csv, Size: 21853 bytes, Entries: 800
2025-10-27 19:38:46,789 [INFO] Received file: max_reading_17:24:47_to_19:36:54.csv, Size: 21853 bytes, Entries: 800
2025-10-27 21:40:02,537 [INFO] Received file: max_reading_19:26:35_to_21:38:42.csv, Size: 21874 bytes, Entries: 800
2025-10-27 21:40:02,537 [INFO] Received file: max_reading_19:26:35_to_21:38:42.csv, Size: 21874 bytes, Entries: 800
2025-10-27 23:41:48,297 [INFO] Received file: max_reading_21:28:22_to_23:39:58.csv, Size: 21823 bytes, Entries: 800
2025-10-27 23:41:48,318 [INFO] Received file: max_reading_21:28:22_to_23:39:58.csv, Size: 21823 bytes, Entries: 800
2025-10-28 01:43:34,071 [INFO] Received file: max_reading_23:29:32_to_01:41:43.csv, Size: 21829 bytes, Entries: 800
2025-10-28 01:43:34,071 [INFO] Received file: max_reading_23:29:32_to_01:41:43.csv, Size: 21829 bytes, Entries: 800
2025-10-28 03:45:19,863 [INFO] Received file: max_reading_01:31:19_to_03:43:30.csv, Size: 21848 bytes, Entries: 800
2025-10-28 03:45:19,863 [INFO] Received file: max_reading_01:31:19_to_03:43:30.csv, Size: 21848 bytes, Entries: 800
2025-10-28 05:47:10,614 [INFO] Received file: max_reading_03:33:09_to_05:45:17.csv, Size: 21834 bytes, Entries: 800
2025-10-28 05:47:10,614 [INFO] Received file: max_reading_03:33:09_to_05:45:17.csv, Size: 21834 bytes, Entries: 800
2025-10-28 07:48:56,364 [INFO] Received file: max_reading_05:34:57_to_07:47:06.csv, Size: 21894 bytes, Entries: 800
2025-10-28 07:48:56,364 [INFO] Received file: max_reading_05:34:57_to_07:47:06.csv, Size: 21894 bytes, Entries: 800
2025-10-28 09:50:37,108 [INFO] Received file: max_reading_07:36:42_to_09:48:53.csv, Size: 21862 bytes, Entries: 800
2025-10-28 09:50:37,109 [INFO] Received file: max_reading_07:36:42_to_09:48:53.csv, Size: 21862 bytes, Entries: 800
2025-10-28 11:52:27,884 [INFO] Received file: max_reading_09:38:30_to_11:50:37.csv, Size: 21847 bytes, Entries: 800
2025-10-28 11:52:27,884 [INFO] Received file: max_reading_09:38:30_to_11:50:37.csv, Size: 21847 bytes, Entries: 800
2025-10-28 13:54:13,660 [INFO] Received file: max_reading_11:40:11_to_13:52:22.csv, Size: 21850 bytes, Entries: 800
2025-10-28 13:54:13,660 [INFO] Received file: max_reading_11:40:11_to_13:52:22.csv, Size: 21850 bytes, Entries: 800
2025-10-28 15:55:59,440 [INFO] Received file: max_reading_13:42:07_to_15:54:08.csv, Size: 21838 bytes, Entries: 800
2025-10-28 15:55:59,440 [INFO] Received file: max_reading_13:42:07_to_15:54:08.csv, Size: 21838 bytes, Entries: 800
2025-10-28 17:57:45,253 [INFO] Received file: max_reading_15:43:45_to_17:55:55.csv, Size: 21851 bytes, Entries: 800
2025-10-28 17:57:45,256 [INFO] Received file: max_reading_15:43:45_to_17:55:55.csv, Size: 21851 bytes, Entries: 800
2025-10-28 19:59:31,037 [INFO] Received file: max_reading_17:45:34_to_19:57:41.csv, Size: 21933 bytes, Entries: 800
2025-10-28 19:59:31,037 [INFO] Received file: max_reading_17:45:34_to_19:57:41.csv, Size: 21933 bytes, Entries: 800
2025-10-28 22:01:11,799 [INFO] Received file: max_reading_19:47:20_to_21:59:27.csv, Size: 21869 bytes, Entries: 800
2025-10-28 22:01:11,799 [INFO] Received file: max_reading_19:47:20_to_21:59:27.csv, Size: 21869 bytes, Entries: 800
2025-10-29 00:02:57,566 [INFO] Received file: max_reading_21:49:07_to_00:01:11.csv, Size: 21912 bytes, Entries: 800
2025-10-29 00:02:57,566 [INFO] Received file: max_reading_21:49:07_to_00:01:11.csv, Size: 21912 bytes, Entries: 800
2025-10-29 02:04:38,353 [INFO] Received file: max_reading_23:50:48_to_02:02:55.csv, Size: 21876 bytes, Entries: 800
2025-10-29 02:04:38,353 [INFO] Received file: max_reading_23:50:48_to_02:02:55.csv, Size: 21876 bytes, Entries: 800
2025-10-29 04:06:24,151 [INFO] Received file: max_reading_01:52:31_to_04:04:36.csv, Size: 21911 bytes, Entries: 800
2025-10-29 04:06:24,151 [INFO] Received file: max_reading_01:52:31_to_04:04:36.csv, Size: 21911 bytes, Entries: 800
2025-10-29 06:08:09,929 [INFO] Received file: max_reading_03:54:15_to_06:06:22.csv, Size: 21842 bytes, Entries: 800
2025-10-29 06:08:09,930 [INFO] Received file: max_reading_03:54:15_to_06:06:22.csv, Size: 21842 bytes, Entries: 800
2025-10-29 08:09:55,767 [INFO] Received file: max_reading_05:56:02_to_08:08:07.csv, Size: 21891 bytes, Entries: 800
2025-10-29 08:09:55,767 [INFO] Received file: max_reading_05:56:02_to_08:08:07.csv, Size: 21891 bytes, Entries: 800
2025-10-29 10:11:41,622 [INFO] Received file: max_reading_07:57:44_to_10:09:53.csv, Size: 21891 bytes, Entries: 800
2025-10-29 10:11:41,622 [INFO] Received file: max_reading_07:57:44_to_10:09:53.csv, Size: 21891 bytes, Entries: 800
2025-10-29 12:13:22,439 [INFO] Received file: max_reading_09:59:37_to_12:11:39.csv, Size: 21890 bytes, Entries: 800
2025-10-29 12:13:22,439 [INFO] Received file: max_reading_09:59:37_to_12:11:39.csv, Size: 21890 bytes, Entries: 800
2025-10-29 14:15:07,812 [INFO] Received file: max_reading_12:01:18_to_14:13:21.csv, Size: 21880 bytes, Entries: 800
2025-10-29 14:15:07,813 [INFO] Received file: max_reading_12:01:18_to_14:13:21.csv, Size: 21880 bytes, Entries: 800
2025-10-29 19:59:35,111 [INFO] Received file: max_reading_17:45:47_to_19:57:47.csv, Size: 21871 bytes, Entries: 800
2025-10-29 19:59:35,157 [INFO] Received file: max_reading_17:45:47_to_19:57:47.csv, Size: 21871 bytes, Entries: 800
2025-10-29 22:01:20,919 [INFO] Received file: max_reading_19:47:24_to_21:59:33.csv, Size: 21832 bytes, Entries: 800
2025-10-29 22:01:20,962 [INFO] Received file: max_reading_19:47:24_to_21:59:33.csv, Size: 21832 bytes, Entries: 800
2025-10-30 00:03:06,743 [INFO] Received file: max_reading_21:49:15_to_00:01:18.csv, Size: 21851 bytes, Entries: 800
2025-10-30 00:03:06,790 [INFO] Received file: max_reading_21:49:15_to_00:01:18.csv, Size: 21851 bytes, Entries: 800
2025-10-30 02:04:47,533 [INFO] Received file: max_reading_23:51:00_to_02:03:03.csv, Size: 21805 bytes, Entries: 800
2025-10-30 02:04:47,606 [INFO] Received file: max_reading_23:51:00_to_02:03:03.csv, Size: 21805 bytes, Entries: 800
2025-10-30 04:06:33,321 [INFO] Received file: max_reading_01:52:43_to_04:04:46.csv, Size: 21866 bytes, Entries: 800
2025-10-30 04:06:33,420 [INFO] Received file: max_reading_01:52:43_to_04:04:46.csv, Size: 21866 bytes, Entries: 800
2025-10-30 06:08:19,175 [INFO] Received file: max_reading_03:54:29_to_06:06:30.csv, Size: 21917 bytes, Entries: 800
2025-10-30 06:08:19,255 [INFO] Received file: max_reading_03:54:29_to_06:06:30.csv, Size: 21917 bytes, Entries: 800
2025-10-30 10:11:45,846 [INFO] Received file: max_reading_07:57:59_to_10:09:58.csv, Size: 21839 bytes, Entries: 800
2025-10-30 10:11:45,937 [INFO] Received file: max_reading_07:57:59_to_10:09:58.csv, Size: 21839 bytes, Entries: 800
2025-10-30 12:13:31,699 [INFO] Received file: max_reading_09:59:42_to_12:11:44.csv, Size: 21955 bytes, Entries: 800
2025-10-30 12:13:31,766 [INFO] Received file: max_reading_09:59:42_to_12:11:44.csv, Size: 21955 bytes, Entries: 800
2025-10-30 14:15:12,642 [INFO] Received file: max_reading_12:01:30_to_14:13:29.csv, Size: 0 bytes, Entries: -1
2025-10-30 14:15:17,564 [INFO] Received file: max_reading_12:01:30_to_14:13:29.csv, Size: 21876 bytes, Entries: 800
2025-11-04 14:33:23,934 [INFO] File monitoring service started. Watching for new files.
2025-11-04 14:33:23,935 [INFO] File monitoring service started. Watching for new files.
